// Jest Snapshot v1, https://goo.gl/fbAQLP

exports[`OneCCChip.vue renders OneCCChip 1`] = `<v-chip-stub color="orange" xsmall="true" activeclass="" tag="span" dark="true" active="true" closeicon="$delete" closelabel="$vuetify.close" filtericon="$complete" tile="" depressed="" class="ml-1 pl-2 pr-2" msg="1CC">1CC</v-chip-stub>`;
